[html.spiderthemes-demos.com/kbdoc/kbdoc-html/index6a48.html]
[html.spiderthemes-demos.com/kbdoc/kbdoc-html/img/favicon.ico]
[html.spiderthemes-demos.com/kbdoc/kbdoc-html/assets/bootstrap/css/bootstrap.min.css]
[html.spiderthemes-demos.com/kbdoc/kbdoc-html/assets/elagent-icon/style.css]
[html.spiderthemes-demos.com/kbdoc/kbdoc-html/assets/animation/animate.css]
[html.spiderthemes-demos.com/kbdoc/kbdoc-html/css/style.css]
[html.spiderthemes-demos.com/kbdoc/kbdoc-html/css/responsive.css]
[backblue.gif]
[fade.gif]
[index.html]
[html.spiderthemes-demos.com/kbdoc/kbdoc-html/img/spinner_logo.png]
[html.spiderthemes-demos.com/kbdoc/kbdoc-html/index.html]
[html.spiderthemes-demos.com/kbdoc/kbdoc-html/img/logo.png]
[html.spiderthemes-demos.com/kbdoc/kbdoc-html/index-helpdesk.html]
[html.spiderthemes-demos.com/kbdoc/kbdoc-html/index-cool.html]
[html.spiderthemes-demos.com/kbdoc/kbdoc-html/doc-archive.html]
[html.spiderthemes-demos.com/kbdoc/kbdoc-html/doclist.html]
[html.spiderthemes-demos.com/kbdoc/kbdoc-html/tab.html]
[html.spiderthemes-demos.com/kbdoc/kbdoc-html/accordion.html]
[html.spiderthemes-demos.com/kbdoc/kbdoc-html/notice.html]
[html.spiderthemes-demos.com/kbdoc/kbdoc-html/image-pointing.html]
[html.spiderthemes-demos.com/kbdoc/kbdoc-html/tooltip.html]
[html.spiderthemes-demos.com/kbdoc/kbdoc-html/lightbox.html]
[html.spiderthemes-demos.com/kbdoc/kbdoc-html/can-use.html]
[html.spiderthemes-demos.com/kbdoc/kbdoc-html/footnote.html]
[html.spiderthemes-demos.com/kbdoc/kbdoc-html/layouts.html]
[html.spiderthemes-demos.com/kbdoc/kbdoc-html/layout-leftsidebar.html]
[html.spiderthemes-demos.com/kbdoc/kbdoc-html/layout-full.html]
[html.spiderthemes-demos.com/kbdoc/kbdoc-html/sticky-menu.html]
[html.spiderthemes-demos.com/kbdoc/kbdoc-html/simple-footer.html]
[html.spiderthemes-demos.com/kbdoc/kbdoc-html/tour.html]
[html.spiderthemes-demos.com/kbdoc/kbdoc-html/typography.html]
[html.spiderthemes-demos.com/kbdoc/kbdoc-html/code.html]
[html.spiderthemes-demos.com/kbdoc/kbdoc-html/image.html]
[html.spiderthemes-demos.com/kbdoc/kbdoc-html/video.html]
[html.spiderthemes-demos.com/kbdoc/kbdoc-html/keyboard-shortcuts.html]
[html.spiderthemes-demos.com/kbdoc/kbdoc-html/Onepage.html]
[html.spiderthemes-demos.com/kbdoc/kbdoc-html/cheatsheet.html]
[html.spiderthemes-demos.com/kbdoc/kbdoc-html/changelog.html]
[html.spiderthemes-demos.com/kbdoc/kbdoc-html/contact.html]
[html.spiderthemes-demos.com/kbdoc/kbdoc-html/signin.html]
[html.spiderthemes-demos.com/kbdoc/kbdoc-html/signup.html]
[html.spiderthemes-demos.com/kbdoc/kbdoc-html/error.html]
[html.spiderthemes-demos.com/kbdoc/kbdoc-html/forums.html]
[html.spiderthemes-demos.com/kbdoc/kbdoc-html/forum-topics.html]
[html.spiderthemes-demos.com/kbdoc/kbdoc-html/forum-single.html]
[html.spiderthemes-demos.com/kbdoc/kbdoc-html/img/tick.png]
[html.spiderthemes-demos.com/kbdoc/kbdoc-html/img/sheet.png]
[html.spiderthemes-demos.com/kbdoc/kbdoc-html/img/shopping-bag.png]
[html.spiderthemes-demos.com/kbdoc/kbdoc-html/img/gear.png]
[html.spiderthemes-demos.com/kbdoc/kbdoc-html/blog-grid.html]
[html.spiderthemes-demos.com/kbdoc/kbdoc-html/blog-grid-two.html]
[html.spiderthemes-demos.com/kbdoc/kbdoc-html/blog-list.html]
[html.spiderthemes-demos.com/kbdoc/kbdoc-html/blog-single.html]
[html.spiderthemes-demos.com/kbdoc/kbdoc-html/img/home_two/plus.png]
[html.spiderthemes-demos.com/kbdoc/kbdoc-html/img/home_two/plus_one.png]
[html.spiderthemes-demos.com/kbdoc/kbdoc-html/img/home_two/building.png]
[html.spiderthemes-demos.com/kbdoc/kbdoc-html/img/home_two/table.svg]
[html.spiderthemes-demos.com/kbdoc/kbdoc-html/img/home_two/flower.png]
[html.spiderthemes-demos.com/kbdoc/kbdoc-html/img/home_two/bord.png]
[html.spiderthemes-demos.com/kbdoc/kbdoc-html/img/home_two/girl.png]
[html.spiderthemes-demos.com/kbdoc/kbdoc-html/img/home_one/dow_bg_two.png]
[html.spiderthemes-demos.com/kbdoc/kbdoc-html/img/home_two/folder.png]
[html.spiderthemes-demos.com/kbdoc/kbdoc-html/img/home_two/info.png]
[html.spiderthemes-demos.com/kbdoc/kbdoc-html/img/home_two/weather.png]
[html.spiderthemes-demos.com/kbdoc/kbdoc-html/img/home_two/settings.png]
[html.spiderthemes-demos.com/kbdoc/kbdoc-html/img/home_two/memo.png]
[html.spiderthemes-demos.com/kbdoc/kbdoc-html/img/home_two/share.png]
[html.spiderthemes-demos.com/kbdoc/kbdoc-html/img/home_two/Briefcase.png]
[html.spiderthemes-demos.com/kbdoc/kbdoc-html/img/home_two/setting-icon.png]
[html.spiderthemes-demos.com/kbdoc/kbdoc-html/img/home_two/cloud1.png]
[html.spiderthemes-demos.com/kbdoc/kbdoc-html/img/home_two/Lock_is_open.png]
[html.spiderthemes-demos.com/kbdoc/kbdoc-html/img/home_two/Support.png]
[html.spiderthemes-demos.com/kbdoc/kbdoc-html/img/home_two/usser.png]
[html.spiderthemes-demos.com/kbdoc/kbdoc-html/img/home_two/pencil.png]
[html.spiderthemes-demos.com/kbdoc/kbdoc-html/img/home_two/Channel.png]
[html.spiderthemes-demos.com/kbdoc/kbdoc-html/img/home_two/Duplicate.png]
[html.spiderthemes-demos.com/kbdoc/kbdoc-html/img/home_two/Bell.png]
[html.spiderthemes-demos.com/kbdoc/kbdoc-html/img/home_two/Tune-up.png]
[html.spiderthemes-demos.com/kbdoc/kbdoc-html/img/home_two/Internet.png]
[html.spiderthemes-demos.com/kbdoc/kbdoc-html/img/v.svg]
[html.spiderthemes-demos.com/kbdoc/kbdoc-html/img/home_two/f_man.png]
[html.spiderthemes-demos.com/kbdoc/kbdoc-html/img/home_two/cloud.png]
[html.spiderthemes-demos.com/kbdoc/kbdoc-html/img/home_two/email-icon.png]
[html.spiderthemes-demos.com/kbdoc/kbdoc-html/img/home_two/email-icon_two.png]
[html.spiderthemes-demos.com/kbdoc/kbdoc-html/img/home_two/man.png]
[html.spiderthemes-demos.com/kbdoc/kbdoc-html/js/jquery-3.2.1.min.js]
[html.spiderthemes-demos.com/kbdoc/kbdoc-html/js/pre-loader.js]
[html.spiderthemes-demos.com/kbdoc/kbdoc-html/assets/bootstrap/js/popper.min.js]
[html.spiderthemes-demos.com/kbdoc/kbdoc-html/assets/bootstrap/js/bootstrap.min.js]
[html.spiderthemes-demos.com/kbdoc/kbdoc-html/js/parallaxie.js]
[html.spiderthemes-demos.com/kbdoc/kbdoc-html/js/TweenMax.min.js]
[html.spiderthemes-demos.com/kbdoc/kbdoc-html/js/jquery.wavify.js]
[html.spiderthemes-demos.com/kbdoc/kbdoc-html/assets/wow/wow.min.js]
[html.spiderthemes-demos.com/kbdoc/kbdoc-html/assets/counterup/jquery.counterup.min.js]
[html.spiderthemes-demos.com/kbdoc/kbdoc-html/assets/counterup/jquery.waypoints.min.js]
[html.spiderthemes-demos.com/kbdoc/kbdoc-html/js/main.js]
[html.spiderthemes-demos.com/kbdoc/kbdoc-html/index6a48.html]
[html.spiderthemes-demos.com/kbdoc/kbdoc-html/assets/bootstrap/css/bootstrap.min.css]
[html.spiderthemes-demos.com/kbdoc/kbdoc-html/assets/elagent-icon/fonts/ElegantIcons.eot]
[html.spiderthemes-demos.com/kbdoc/kbdoc-html/assets/elagent-icon/fonts/ElegantIconsd41d.eot]
[html.spiderthemes-demos.com/kbdoc/kbdoc-html/assets/elagent-icon/fonts/ElegantIcons.woff]
[html.spiderthemes-demos.com/kbdoc/kbdoc-html/assets/elagent-icon/fonts/ElegantIcons.ttf]
[html.spiderthemes-demos.com/kbdoc/kbdoc-html/assets/elagent-icon/style.css]
[html.spiderthemes-demos.com/kbdoc/kbdoc-html/assets/animation/animate.css]
[html.spiderthemes-demos.com/kbdoc/kbdoc-html/img/home_one/dow_bg.png]
[html.spiderthemes-demos.com/kbdoc/kbdoc-html/assets/elagent-icon/fonts/ElegantIcons.svg]
[html.spiderthemes-demos.com/kbdoc/kbdoc-html/img/action_bg.jpg]
[html.spiderthemes-demos.com/kbdoc/kbdoc-html/img/home_support/overlay_bg.png]
[html.spiderthemes-demos.com/kbdoc/kbdoc-html/img/blog-grid/top_post.jpg]
[html.spiderthemes-demos.com/kbdoc/kbdoc-html/img/blog-classic/quote_top.png]
[html.spiderthemes-demos.com/kbdoc/kbdoc-html/img/blog-classic/quote_bottom.png]
[html.spiderthemes-demos.com/kbdoc/kbdoc-html/img/blog-classic/icon_01.png]
[html.spiderthemes-demos.com/kbdoc/kbdoc-html/img/blog-classic/icon_02.png]
[html.spiderthemes-demos.com/kbdoc/kbdoc-html/css/style.css]
[html.spiderthemes-demos.com/kbdoc/kbdoc-html/css/responsive.css]
[html.spiderthemes-demos.com/kbdoc/kbdoc-html/index.html]
[html.spiderthemes-demos.com/kbdoc/kbdoc-html/assets/slick/slick.css]
[html.spiderthemes-demos.com/kbdoc/kbdoc-html/assets/slick/slick-theme.css]
[html.spiderthemes-demos.com/kbdoc/kbdoc-html/assets/font-awesome/css/all.css]
[html.spiderthemes-demos.com/kbdoc/kbdoc-html/img/home_support/bn1.jpg]
[html.spiderthemes-demos.com/kbdoc/kbdoc-html/img/home_support/bn2.jpg]
[html.spiderthemes-demos.com/kbdoc/kbdoc-html/img/home_support/bn3.jpg]
[html.spiderthemes-demos.com/kbdoc/kbdoc-html/img/home_support/bn4.jpg]
[html.spiderthemes-demos.com/kbdoc/kbdoc-html/img/home_support/bn5.jpg]
[html.spiderthemes-demos.com/kbdoc/kbdoc-html/img/home_support/bn6.jpg]
[html.spiderthemes-demos.com/kbdoc/kbdoc-html/img/home_support/bn7.jpg]
[html.spiderthemes-demos.com/kbdoc/kbdoc-html/img/home_support/bn8.jpg]
[html.spiderthemes-demos.com/kbdoc/kbdoc-html/img/home_support/bn9.jpg]
[html.spiderthemes-demos.com/kbdoc/kbdoc-html/img/home_support/bn10.jpg]
[html.spiderthemes-demos.com/kbdoc/kbdoc-html/img/home_support/bnp1.png]
[html.spiderthemes-demos.com/kbdoc/kbdoc-html/img/home_support/bnp2.png]
[html.spiderthemes-demos.com/kbdoc/kbdoc-html/img/home_support/banner-bottom-shape.png]
[html.spiderthemes-demos.com/kbdoc/kbdoc-html/img/home_support/rc1.png]
[html.spiderthemes-demos.com/kbdoc/kbdoc-html/img/home_support/rc2.png]
[html.spiderthemes-demos.com/kbdoc/kbdoc-html/img/home_support/rc3.png]
[html.spiderthemes-demos.com/kbdoc/kbdoc-html/img/home_support/rc4.png]
[html.spiderthemes-demos.com/kbdoc/kbdoc-html/img/home_support/rc5.png]
[html.spiderthemes-demos.com/kbdoc/kbdoc-html/img/home_support/rc6.png]
[html.spiderthemes-demos.com/kbdoc/kbdoc-html/img/home_support/rc7.png]
[html.spiderthemes-demos.com/kbdoc/kbdoc-html/img/home_support/rc8.png]
[html.spiderthemes-demos.com/kbdoc/kbdoc-html/img/home_support/rc9.png]
[html.spiderthemes-demos.com/kbdoc/kbdoc-html/img/home_support/rc10.png]
[html.spiderthemes-demos.com/kbdoc/kbdoc-html/img/home_support/rc12.png]
[html.spiderthemes-demos.com/kbdoc/kbdoc-html/img/home_support/rc13.png]
[html.spiderthemes-demos.com/kbdoc/kbdoc-html/img/home_support/rc14.png]
[html.spiderthemes-demos.com/kbdoc/kbdoc-html/img/home_support/rc15.png]
[html.spiderthemes-demos.com/kbdoc/kbdoc-html/img/home_support/rc16.png]
[html.spiderthemes-demos.com/kbdoc/kbdoc-html/img/home_support/fun-fact-1.png]
[html.spiderthemes-demos.com/kbdoc/kbdoc-html/img/home_support/fun-fact-2.png]
[html.spiderthemes-demos.com/kbdoc/kbdoc-html/img/home_support/fun-fact-3.png]
[html.spiderthemes-demos.com/kbdoc/kbdoc-html/img/home_support/fun-fact-4.png]
[html.spiderthemes-demos.com/kbdoc/kbdoc-html/img/home_support/fun-fact-5.png]
[html.spiderthemes-demos.com/kbdoc/kbdoc-html/img/home_support/cp1.png]
[html.spiderthemes-demos.com/kbdoc/kbdoc-html/img/home_support/cp2.jpg]
[html.spiderthemes-demos.com/kbdoc/kbdoc-html/img/home_support/cp3.jpg]
[html.spiderthemes-demos.com/kbdoc/kbdoc-html/img/home_support/cp4.jpg]
[html.spiderthemes-demos.com/kbdoc/kbdoc-html/img/home_support/cp5.jpg]
[html.spiderthemes-demos.com/kbdoc/kbdoc-html/img/home_support/cp6.jpg]
[html.spiderthemes-demos.com/kbdoc/kbdoc-html/img/home_support/quote-top.png]
[html.spiderthemes-demos.com/kbdoc/kbdoc-html/img/home_support/quote-bottom.png]
[html.spiderthemes-demos.com/kbdoc/kbdoc-html/img/home_support/journalism.png]
[html.spiderthemes-demos.com/kbdoc/kbdoc-html/img/home_support/com_sm.png]
[html.spiderthemes-demos.com/kbdoc/kbdoc-html/img/home_support/com_1.png]
[html.spiderthemes-demos.com/kbdoc/kbdoc-html/img/home_support/com_2.png]
[html.spiderthemes-demos.com/kbdoc/kbdoc-html/img/home_support/com_3.png]
[html.spiderthemes-demos.com/kbdoc/kbdoc-html/js/jquery.parallax-scroll.js]
[html.spiderthemes-demos.com/kbdoc/kbdoc-html/assets/mcustomscrollbar/jquery.mCustomScrollbar.concat.min.js]
[html.spiderthemes-demos.com/kbdoc/kbdoc-html/index-helpdesk.html]
[html.spiderthemes-demos.com/kbdoc/kbdoc-html/assets/mcustomscrollbar/jquery.mCustomScrollbar.min.css]
[html.spiderthemes-demos.com/kbdoc/kbdoc-html/img/logo-w.png]
[html.spiderthemes-demos.com/kbdoc/kbdoc-html/img/home_one/wave_one.svg]
[html.spiderthemes-demos.com/kbdoc/kbdoc-html/img/home_one/wave_two.svg]
[html.spiderthemes-demos.com/kbdoc/kbdoc-html/img/home_one/star.png]
[html.spiderthemes-demos.com/kbdoc/kbdoc-html/img/home_one/b_man.png]
[html.spiderthemes-demos.com/kbdoc/kbdoc-html/img/home_one/b_man_two.png]
[html.spiderthemes-demos.com/kbdoc/kbdoc-html/img/home_one/flower.png]
[html.spiderthemes-demos.com/kbdoc/kbdoc-html/img/home_one/girl_img.png]
[html.spiderthemes-demos.com/kbdoc/kbdoc-html/img/home_one/file.png]
[html.spiderthemes-demos.com/kbdoc/kbdoc-html/img/home_one/b_leaf.svg]
[html.spiderthemes-demos.com/kbdoc/kbdoc-html/img/home_one/Lamp_idea.png]
[html.spiderthemes-demos.com/kbdoc/kbdoc-html/img/home_one/chat.png]
[html.spiderthemes-demos.com/kbdoc/kbdoc-html/img/home_one/Duplicate.png]
[html.spiderthemes-demos.com/kbdoc/kbdoc-html/img/home_one/icon/file1.png]
[html.spiderthemes-demos.com/kbdoc/kbdoc-html/img/home_one/icon/folder.png]
[html.spiderthemes-demos.com/kbdoc/kbdoc-html/img/home_one/icon/envelope.png]
[html.spiderthemes-demos.com/kbdoc/kbdoc-html/img/home_one/icon/smartphone.png]
[html.spiderthemes-demos.com/kbdoc/kbdoc-html/img/home_one/icon/management.png]
[html.spiderthemes-demos.com/kbdoc/kbdoc-html/img/home_one/icon/newspaper.png]
[html.spiderthemes-demos.com/kbdoc/kbdoc-html/img/home_one/icon/android.png]
[html.spiderthemes-demos.com/kbdoc/kbdoc-html/img/home_one/feedback_bg.jpg]
[html.spiderthemes-demos.com/kbdoc/kbdoc-html/img/home_one/icon/feedback.jpg]
[html.spiderthemes-demos.com/kbdoc/kbdoc-html/img/home_one/action_bg.jpg]
[html.spiderthemes-demos.com/kbdoc/kbdoc-html/assets/slick/slick.min.js]
[html.spiderthemes-demos.com/kbdoc/kbdoc-html/index-cool.html]
[html.spiderthemes-demos.com/kbdoc/kbdoc-html/assets/niceselectpicker/nice-select.css]
[html.spiderthemes-demos.com/kbdoc/kbdoc-html/img/home_one/banner_bg.png]
[html.spiderthemes-demos.com/kbdoc/kbdoc-html/img/blog-classic/shap_01.png]
[html.spiderthemes-demos.com/kbdoc/kbdoc-html/img/blog-classic/shap_02.png]
[html.spiderthemes-demos.com/kbdoc/kbdoc-html/assets/niceselectpicker/jquery.nice-select.min.js]
[html.spiderthemes-demos.com/kbdoc/kbdoc-html/doc-archive.html]
[html.spiderthemes-demos.com/kbdoc/kbdoc-html/assets/bootstrap/css/bootstrap-select.min.css]
[html.spiderthemes-demos.com/kbdoc/kbdoc-html/table.html]
[html.spiderthemes-demos.com/kbdoc/kbdoc-html/img/side-nav/home.png]
[html.spiderthemes-demos.com/kbdoc/kbdoc-html/shortcode.html]
[html.spiderthemes-demos.com/kbdoc/kbdoc-html/img/side-nav/briefcase.png]
[html.spiderthemes-demos.com/kbdoc/kbdoc-html/img/side-nav/coding.png]
[html.spiderthemes-demos.com/kbdoc/kbdoc-html/img/side-nav/chat1.png]
[html.spiderthemes-demos.com/kbdoc/kbdoc-html/img/side-nav/document.png]
[html.spiderthemes-demos.com/kbdoc/kbdoc-html/img/side-nav/document2.png]
[html.spiderthemes-demos.com/kbdoc/kbdoc-html/img/side-nav/account.png]
[html.spiderthemes-demos.com/kbdoc/kbdoc-html/img/side-nav/united-states.png]
[html.spiderthemes-demos.com/kbdoc/kbdoc-html/img/side-nav/edit.png]
[html.spiderthemes-demos.com/kbdoc/kbdoc-html/img/side-nav/users.png]
[html.spiderthemes-demos.com/kbdoc/kbdoc-html/img/side-nav/issuin.png]
[html.spiderthemes-demos.com/kbdoc/kbdoc-html/img/side-nav/terminals.png]
[html.spiderthemes-demos.com/kbdoc/kbdoc-html/img/home_one/leaf_footter.png]
[html.spiderthemes-demos.com/kbdoc/kbdoc-html/assets/bootstrap/js/bootstrap-select.min.js]
[html.spiderthemes-demos.com/kbdoc/kbdoc-html/assets/font-size/js/rv-jquery-fontsize-2.0.3.js]
[html.spiderthemes-demos.com/kbdoc/kbdoc-html/js/anchor.js]
[html.spiderthemes-demos.com/kbdoc/kbdoc-html/assets/mailchimp/plugins.js]
[html.spiderthemes-demos.com/kbdoc/kbdoc-html/doclist.html]
[html.spiderthemes-demos.com/kbdoc/kbdoc-html/assets/font-size/css/rvfs.css]
[html.spiderthemes-demos.com/kbdoc/kbdoc-html/tab.html]
[html.spiderthemes-demos.com/kbdoc/kbdoc-html/accordion.html]
[html.spiderthemes-demos.com/kbdoc/kbdoc-html/notice.html]
[html.spiderthemes-demos.com/kbdoc/kbdoc-html/assets/tooltipster/css/tooltipster.bundle.css]
[html.spiderthemes-demos.com/kbdoc/kbdoc-html/img/home2-large.jpg]
[html.spiderthemes-demos.com/kbdoc/kbdoc-html/img/img-pointer1.jpg]
[html.spiderthemes-demos.com/kbdoc/kbdoc-html/img/img-pointer2.jpg]
[html.spiderthemes-demos.com/kbdoc/kbdoc-html/img/img-large.jpg]
[html.spiderthemes-demos.com/kbdoc/kbdoc-html/image-pointing.html]
[html.spiderthemes-demos.com/kbdoc/kbdoc-html/assets/tooltipster/js/tooltipster.bundle.min.js]
[html.spiderthemes-demos.com/kbdoc/kbdoc-html/img/blog-grid/blog_grid_post1.jpg]
[html.spiderthemes-demos.com/kbdoc/kbdoc-html/tooltip.html]
[html.spiderthemes-demos.com/kbdoc/kbdoc-html/assets/magnify-pop/magnific-popup.css]
[html.spiderthemes-demos.com/kbdoc/kbdoc-html/img/image-lightbox.jpg]
[html.spiderthemes-demos.com/kbdoc/kbdoc-html/img/lightbox-preview.jpg]
[html.spiderthemes-demos.com/kbdoc/kbdoc-html/assets/magnify-pop/jquery.magnific-popup.min.js]
[html.spiderthemes-demos.com/kbdoc/kbdoc-html/lightbox.html]
[html.spiderthemes-demos.com/kbdoc/kbdoc-html/img/desktop_icon1.png]
[html.spiderthemes-demos.com/kbdoc/kbdoc-html/img/desktop_icon2.png]
[html.spiderthemes-demos.com/kbdoc/kbdoc-html/img/desktop_icon3.png]
[html.spiderthemes-demos.com/kbdoc/kbdoc-html/img/desktop_icon4.png]
[html.spiderthemes-demos.com/kbdoc/kbdoc-html/img/desktop_icon5.png]
[html.spiderthemes-demos.com/kbdoc/kbdoc-html/img/mobile_icon1.png]
[html.spiderthemes-demos.com/kbdoc/kbdoc-html/img/mobile_icon2.png]
[html.spiderthemes-demos.com/kbdoc/kbdoc-html/img/mobile_icon3.png]
[html.spiderthemes-demos.com/kbdoc/kbdoc-html/img/mobile_icon4.png]
[html.spiderthemes-demos.com/kbdoc/kbdoc-html/img/mobile_icon5.png]
[html.spiderthemes-demos.com/kbdoc/kbdoc-html/can-use.html]
[html.spiderthemes-demos.com/kbdoc/kbdoc-html/img/side-nav/layout.png]
[html.spiderthemes-demos.com/kbdoc/kbdoc-html/img/side-nav/content.png]
[html.spiderthemes-demos.com/kbdoc/kbdoc-html/img/side-nav/book.png]
[html.spiderthemes-demos.com/kbdoc/kbdoc-html/img/side-nav/support.png]
[html.spiderthemes-demos.com/kbdoc/kbdoc-html/footnote.html]
[html.spiderthemes-demos.com/kbdoc/kbdoc-html/assets/prism/prism.css]
[html.spiderthemes-demos.com/kbdoc/kbdoc-html/assets/prism/prism-coy.css]
[html.spiderthemes-demos.com/kbdoc/kbdoc-html/img/side-nav/eraser.png]
[html.spiderthemes-demos.com/kbdoc/kbdoc-html/layouts.html]
[html.spiderthemes-demos.com/kbdoc/kbdoc-html/assets/prism/prism.js]
[html.spiderthemes-demos.com/kbdoc/kbdoc-html/img/home_one/icon/coding.png]
[html.spiderthemes-demos.com/kbdoc/kbdoc-html/img/home_one/icon/briefcase.png]
[html.spiderthemes-demos.com/kbdoc/kbdoc-html/img/home_one/icon/color-palette.png]
[html.spiderthemes-demos.com/kbdoc/kbdoc-html/img/home_one/icon/lock.png]
[html.spiderthemes-demos.com/kbdoc/kbdoc-html/layout-leftsidebar.html]
[html.spiderthemes-demos.com/kbdoc/kbdoc-html/layout-full.html]
[html.spiderthemes-demos.com/kbdoc/kbdoc-html/scss/_header.scss]
[html.spiderthemes-demos.com/kbdoc/kbdoc-html/scss/_doclist.scss]
[html.spiderthemes-demos.com/kbdoc/kbdoc-html/sticky-menu.html]
[html.spiderthemes-demos.com/kbdoc/kbdoc-html/simple-footer.html]
[html.spiderthemes-demos.com/kbdoc/kbdoc-html/img/arrow_top.png]
[html.spiderthemes-demos.com/kbdoc/kbdoc-html/img/arrow_bottom.png]
[html.spiderthemes-demos.com/kbdoc/kbdoc-html/img/tour_img1.png]
[html.spiderthemes-demos.com/kbdoc/kbdoc-html/img/tour_img2.png]
[html.spiderthemes-demos.com/kbdoc/kbdoc-html/img/tour_img3.png]
[html.spiderthemes-demos.com/kbdoc/kbdoc-html/img/arrow_3.png]
[html.spiderthemes-demos.com/kbdoc/kbdoc-html/img/tour_img4.png]
[html.spiderthemes-demos.com/kbdoc/kbdoc-html/tour.html]
[html.spiderthemes-demos.com/kbdoc/kbdoc-html/img/typography/leaf_left.png]
[html.spiderthemes-demos.com/kbdoc/kbdoc-html/img/typography/man_01.png]
[html.spiderthemes-demos.com/kbdoc/kbdoc-html/img/typography/man_02.png]
[html.spiderthemes-demos.com/kbdoc/kbdoc-html/img/typography/leaf_right.png]
[html.spiderthemes-demos.com/kbdoc/kbdoc-html/typography.html]
[html.spiderthemes-demos.com/kbdoc/kbdoc-html/code.html]
[html.spiderthemes-demos.com/kbdoc/kbdoc-html/assets/thdoan-magnify/css/magnify.css]
[html.spiderthemes-demos.com/kbdoc/kbdoc-html/img/blog-single/single_post_img_two.jpg]
[html.spiderthemes-demos.com/kbdoc/kbdoc-html/img/1.jpg]
[html.spiderthemes-demos.com/kbdoc/kbdoc-html/img/2.jpg]
[html.spiderthemes-demos.com/kbdoc/kbdoc-html/img/3.jpg]
[html.spiderthemes-demos.com/kbdoc/kbdoc-html/img/flot-left.jpg]
[html.spiderthemes-demos.com/kbdoc/kbdoc-html/img/flot-right.jpg]
[html.spiderthemes-demos.com/kbdoc/kbdoc-html/assets/thdoan-magnify/js/jquery.magnify.js]
[html.spiderthemes-demos.com/kbdoc/kbdoc-html/image.html]
[html.spiderthemes-demos.com/kbdoc/kbdoc-html/assets/Youtube-Channels-Playlist/css/ycp.css]
[html.spiderthemes-demos.com/kbdoc/kbdoc-html/assets/video/video-js.css]
[html.spiderthemes-demos.com/kbdoc/kbdoc-html/assets/is-in-viewport/lib/isInViewport.js]
[html.spiderthemes-demos.com/kbdoc/kbdoc-html/assets/video/video.min.js]
[html.spiderthemes-demos.com/kbdoc/kbdoc-html/assets/video/wistia.js]
[html.spiderthemes-demos.com/kbdoc/kbdoc-html/video.html]
[html.spiderthemes-demos.com/kbdoc/kbdoc-html/keyboard-shortcuts.html]
[html.spiderthemes-demos.com/kbdoc/kbdoc-html/assets/Youtube-Channels-Playlist/js/ycp.js]
[html.spiderthemes-demos.com/kbdoc/kbdoc-html/img/onepage-icon/smiles-icon.png]
[html.spiderthemes-demos.com/kbdoc/kbdoc-html/img/side-nav/chat.png]
[html.spiderthemes-demos.com/kbdoc/kbdoc-html/img/blog-single/single_post_img.jpg]
[html.spiderthemes-demos.com/kbdoc/kbdoc-html/js/onpage-menu.js]
[html.spiderthemes-demos.com/kbdoc/kbdoc-html/Onepage.html]
[html.spiderthemes-demos.com/kbdoc/kbdoc-html/cheatsheet.html]
[html.spiderthemes-demos.com/kbdoc/kbdoc-html/changelog.html]
[html.spiderthemes-demos.com/kbdoc/kbdoc-html/img/email.png]
[html.spiderthemes-demos.com/kbdoc/kbdoc-html/img/twitter.png]
[html.spiderthemes-demos.com/kbdoc/kbdoc-html/img/community.png]
[html.spiderthemes-demos.com/kbdoc/kbdoc-html/contact.html]
[html.spiderthemes-demos.com/kbdoc/kbdoc-html/img/signup/top_ornamate.png]
[html.spiderthemes-demos.com/kbdoc/kbdoc-html/img/signup/bottom_ornamate.png]
[html.spiderthemes-demos.com/kbdoc/kbdoc-html/img/signup/door.png]
[html.spiderthemes-demos.com/kbdoc/kbdoc-html/signin.html]
[html.spiderthemes-demos.com/kbdoc/kbdoc-html/img/signup/gmail.png]
[html.spiderthemes-demos.com/kbdoc/kbdoc-html/img/signup/man_image.png]
[html.spiderthemes-demos.com/kbdoc/kbdoc-html/signup.html]
[html.spiderthemes-demos.com/kbdoc/kbdoc-html/scss/_button.scss]
[html.spiderthemes-demos.com/kbdoc/kbdoc-html/img/404_bg.png]
[html.spiderthemes-demos.com/kbdoc/kbdoc-html/img/404_two.png]
[html.spiderthemes-demos.com/kbdoc/kbdoc-html/img/404_three.png]
[html.spiderthemes-demos.com/kbdoc/kbdoc-html/img/404_one.png]
[html.spiderthemes-demos.com/kbdoc/kbdoc-html/error.html]
[html.spiderthemes-demos.com/kbdoc/kbdoc-html/img/home_support/answer.png]
[html.spiderthemes-demos.com/kbdoc/kbdoc-html/img/home_support/cp7.png]
[html.spiderthemes-demos.com/kbdoc/kbdoc-html/img/home_support/cp10.png]
[html.spiderthemes-demos.com/kbdoc/kbdoc-html/img/home_support/cmm5.png]
[html.spiderthemes-demos.com/kbdoc/kbdoc-html/img/home_support/cmm4.png]
[html.spiderthemes-demos.com/kbdoc/kbdoc-html/img/home_support/cmm2.png]
[html.spiderthemes-demos.com/kbdoc/kbdoc-html/img/home_support/cmm8.png]
[html.spiderthemes-demos.com/kbdoc/kbdoc-html/img/home_support/cmm9.png]
[html.spiderthemes-demos.com/kbdoc/kbdoc-html/img/home_support/cmm10.png]
[html.spiderthemes-demos.com/kbdoc/kbdoc-html/img/home_support/chat-smile.png]
[html.spiderthemes-demos.com/kbdoc/kbdoc-html/forums.html]
[html.spiderthemes-demos.com/kbdoc/kbdoc-html/img/home_support/fl1.png]
[html.spiderthemes-demos.com/kbdoc/kbdoc-html/img/home_support/fl2.png]
[html.spiderthemes-demos.com/kbdoc/kbdoc-html/img/home_support/fl3.png]
[html.spiderthemes-demos.com/kbdoc/kbdoc-html/img/home_support/fl4.png]
[html.spiderthemes-demos.com/kbdoc/kbdoc-html/img/home_support/fl5.png]
[html.spiderthemes-demos.com/kbdoc/kbdoc-html/img/home_support/fl6.png]
[html.spiderthemes-demos.com/kbdoc/kbdoc-html/img/home_support/fl7.png]
[html.spiderthemes-demos.com/kbdoc/kbdoc-html/img/home_support/fl8.png]
[html.spiderthemes-demos.com/kbdoc/kbdoc-html/img/home_support/cmm1.png]
[html.spiderthemes-demos.com/kbdoc/kbdoc-html/img/home_support/cmm3.png]
[html.spiderthemes-demos.com/kbdoc/kbdoc-html/img/home_support/cmm6.png]
[html.spiderthemes-demos.com/kbdoc/kbdoc-html/img/home_support/cmm7.png]
[html.spiderthemes-demos.com/kbdoc/kbdoc-html/img/home_support/cp8.png]
[html.spiderthemes-demos.com/kbdoc/kbdoc-html/img/home_support/cp9.png]
[html.spiderthemes-demos.com/kbdoc/kbdoc-html/img/home_support/cmm11.png]
[html.spiderthemes-demos.com/kbdoc/kbdoc-html/forum-topics.html]
[html.spiderthemes-demos.com/kbdoc/kbdoc-html/img/forum/author-avatar.png]
[html.spiderthemes-demos.com/kbdoc/kbdoc-html/img/forum/logo-favicon.png]
[html.spiderthemes-demos.com/kbdoc/kbdoc-html/img/forum/author-avatar-2.jpg]
[html.spiderthemes-demos.com/kbdoc/kbdoc-html/img/forum/author-avatar-3.jpg]
[html.spiderthemes-demos.com/kbdoc/kbdoc-html/forum-single.html]
[html.spiderthemes-demos.com/kbdoc/kbdoc-html/img/blog-grid/ansley.jpg]
[html.spiderthemes-demos.com/kbdoc/kbdoc-html/img/blog-grid/author_1.jpg]
[html.spiderthemes-demos.com/kbdoc/kbdoc-html/img/blog-grid/blog_grid_post2.jpg]
[html.spiderthemes-demos.com/kbdoc/kbdoc-html/img/blog-grid/author_2.jpg]
[html.spiderthemes-demos.com/kbdoc/kbdoc-html/img/blog-grid/blog_grid_post3.jpg]
[html.spiderthemes-demos.com/kbdoc/kbdoc-html/img/blog-grid/author_3.jpg]
[html.spiderthemes-demos.com/kbdoc/kbdoc-html/img/blog-grid/blog_grid_post4.jpg]
[html.spiderthemes-demos.com/kbdoc/kbdoc-html/img/blog-grid/author_4.jpg]
[html.spiderthemes-demos.com/kbdoc/kbdoc-html/img/blog-grid/blog_grid_post5.jpg]
[html.spiderthemes-demos.com/kbdoc/kbdoc-html/img/blog-grid/author_5.jpg]
[html.spiderthemes-demos.com/kbdoc/kbdoc-html/img/blog-grid/blog_grid_post6.jpg]
[html.spiderthemes-demos.com/kbdoc/kbdoc-html/img/blog-grid/author_6.jpg]
[html.spiderthemes-demos.com/kbdoc/kbdoc-html/img/blog-grid/shadow_action.png]
[html.spiderthemes-demos.com/kbdoc/kbdoc-html/img/blog-grid/man.png]
[html.spiderthemes-demos.com/kbdoc/kbdoc-html/img/blog-grid/blog_grid_post7.jpg]
[html.spiderthemes-demos.com/kbdoc/kbdoc-html/img/blog-grid/blog_grid_post8.jpg]
[html.spiderthemes-demos.com/kbdoc/kbdoc-html/img/blog-grid/blog_grid_post9.jpg]
[html.spiderthemes-demos.com/kbdoc/kbdoc-html/blog-grid.html]
[html.spiderthemes-demos.com/kbdoc/kbdoc-html/img/blog-single/about_img.jpg]
[html.spiderthemes-demos.com/kbdoc/kbdoc-html/img/blog-single/news_01.jpg]
[html.spiderthemes-demos.com/kbdoc/kbdoc-html/img/blog-single/news_02.jpg]
[html.spiderthemes-demos.com/kbdoc/kbdoc-html/img/blog-single/news_03.jpg]
[html.spiderthemes-demos.com/kbdoc/kbdoc-html/img/blog-single/news_04.jpg]
[html.spiderthemes-demos.com/kbdoc/kbdoc-html/img/blog-single/image_01.jpg]
[html.spiderthemes-demos.com/kbdoc/kbdoc-html/img/blog-single/image_02.jpg]
[html.spiderthemes-demos.com/kbdoc/kbdoc-html/img/blog-single/image_03.jpg]
[html.spiderthemes-demos.com/kbdoc/kbdoc-html/img/blog-single/image_04.jpg]
[html.spiderthemes-demos.com/kbdoc/kbdoc-html/img/blog-single/image_05.jpg]
[html.spiderthemes-demos.com/kbdoc/kbdoc-html/img/blog-single/image_06.jpg]
[html.spiderthemes-demos.com/kbdoc/kbdoc-html/blog-grid-two.html]
[html.spiderthemes-demos.com/kbdoc/kbdoc-html/img/blog-classic/classic_01.jpg]
[html.spiderthemes-demos.com/kbdoc/kbdoc-html/img/blog-classic/classic_02.jpg]
[html.spiderthemes-demos.com/kbdoc/kbdoc-html/img/blog-classic/classic_03.jpg]
[html.spiderthemes-demos.com/kbdoc/kbdoc-html/img/blog-classic/classic_04.jpg]
[html.spiderthemes-demos.com/kbdoc/kbdoc-html/blog-list.html]
[html.spiderthemes-demos.com/kbdoc/kbdoc-html/img/blog-single/author_single.jpg]
[html.spiderthemes-demos.com/kbdoc/kbdoc-html/img/blog-single/author.jpg]
[html.spiderthemes-demos.com/kbdoc/kbdoc-html/img/blog-single/comment_01.jpg]
[html.spiderthemes-demos.com/kbdoc/kbdoc-html/img/blog-single/comment_02.jpg]
[html.spiderthemes-demos.com/kbdoc/kbdoc-html/img/blog-single/comment_03.jpg]
[html.spiderthemes-demos.com/kbdoc/kbdoc-html/blog-single.html]
[html.spiderthemes-demos.com/kbdoc/kbdoc-html/img/home_two/table.svg]
[html.spiderthemes-demos.com/kbdoc/kbdoc-html/img/v.svg]
[html.spiderthemes-demos.com/kbdoc/kbdoc-html/assets/elagent-icon/fonts/ElegantIcons.svg]
[html.spiderthemes-demos.com/kbdoc/kbdoc-html/assets/slick/slick.css]
[html.spiderthemes-demos.com/kbdoc/kbdoc-html/assets/slick/ajax-loader.gif]
[html.spiderthemes-demos.com/kbdoc/kbdoc-html/assets/slick/fonts/slick.eot]
[html.spiderthemes-demos.com/kbdoc/kbdoc-html/assets/slick/fonts/slickd41d.eot]
[html.spiderthemes-demos.com/kbdoc/kbdoc-html/assets/slick/fonts/slick.woff]
[html.spiderthemes-demos.com/kbdoc/kbdoc-html/assets/slick/fonts/slick.ttf]
[html.spiderthemes-demos.com/kbdoc/kbdoc-html/assets/slick/fonts/slick.svg]
[html.spiderthemes-demos.com/kbdoc/kbdoc-html/assets/slick/slick-theme.css]
[html.spiderthemes-demos.com/kbdoc/kbdoc-html/assets/font-awesome/webfonts/fa-brands-400.eot]
[html.spiderthemes-demos.com/kbdoc/kbdoc-html/assets/font-awesome/webfonts/fa-brands-400d41d.eot]
[html.spiderthemes-demos.com/kbdoc/kbdoc-html/assets/font-awesome/webfonts/fa-brands-400.woff2]
[html.spiderthemes-demos.com/kbdoc/kbdoc-html/assets/font-awesome/webfonts/fa-brands-400.woff]
[html.spiderthemes-demos.com/kbdoc/kbdoc-html/assets/font-awesome/webfonts/fa-brands-400.ttf]
[html.spiderthemes-demos.com/kbdoc/kbdoc-html/assets/font-awesome/webfonts/fa-brands-400.svg]
[html.spiderthemes-demos.com/kbdoc/kbdoc-html/assets/font-awesome/webfonts/fa-regular-400.eot]
[html.spiderthemes-demos.com/kbdoc/kbdoc-html/assets/font-awesome/webfonts/fa-regular-400d41d.eot]
[html.spiderthemes-demos.com/kbdoc/kbdoc-html/assets/font-awesome/webfonts/fa-regular-400.woff2]
[html.spiderthemes-demos.com/kbdoc/kbdoc-html/assets/font-awesome/webfonts/fa-regular-400.woff]
[html.spiderthemes-demos.com/kbdoc/kbdoc-html/assets/font-awesome/webfonts/fa-regular-400.ttf]
[html.spiderthemes-demos.com/kbdoc/kbdoc-html/assets/font-awesome/webfonts/fa-regular-400.svg]
[html.spiderthemes-demos.com/kbdoc/kbdoc-html/assets/font-awesome/webfonts/fa-solid-900.eot]
[html.spiderthemes-demos.com/kbdoc/kbdoc-html/assets/font-awesome/webfonts/fa-solid-900.woff2]
[html.spiderthemes-demos.com/kbdoc/kbdoc-html/assets/font-awesome/webfonts/fa-solid-900d41d.eot]
[html.spiderthemes-demos.com/kbdoc/kbdoc-html/assets/font-awesome/webfonts/fa-solid-900.woff]
[html.spiderthemes-demos.com/kbdoc/kbdoc-html/assets/font-awesome/webfonts/fa-solid-900.ttf]
[html.spiderthemes-demos.com/kbdoc/kbdoc-html/assets/font-awesome/css/all.css]
[html.spiderthemes-demos.com/kbdoc/kbdoc-html/assets/font-awesome/webfonts/fa-solid-900.svg]
[html.spiderthemes-demos.com/kbdoc/kbdoc-html/assets/mcustomscrollbar/jquery.mCustomScrollbar.min.css]
[html.spiderthemes-demos.com/kbdoc/kbdoc-html/img/home_one/wave_one.svg]
[html.spiderthemes-demos.com/kbdoc/kbdoc-html/img/home_one/wave_two.svg]
[html.spiderthemes-demos.com/kbdoc/kbdoc-html/img/home_one/b_leaf.svg]
[html.spiderthemes-demos.com/kbdoc/kbdoc-html/assets/niceselectpicker/nice-select.css]
[html.spiderthemes-demos.com/kbdoc/kbdoc-html/assets/bootstrap/css/bootstrap-select.min.css]
[html.spiderthemes-demos.com/kbdoc/kbdoc-html/table.html]
[html.spiderthemes-demos.com/kbdoc/kbdoc-html/shortcode.html]
[html.spiderthemes-demos.com/kbdoc/kbdoc-html/assets/font-size/css/rvfs.css]
[html.spiderthemes-demos.com/kbdoc/kbdoc-html/assets/tooltipster/css/tooltipster.bundle.css]
[html.spiderthemes-demos.com/kbdoc/kbdoc-html/assets/magnify-pop/magnific-popup.css]
[html.spiderthemes-demos.com/kbdoc/kbdoc-html/assets/prism/prism.css]
[html.spiderthemes-demos.com/kbdoc/kbdoc-html/assets/prism/prism-coy.css]
[html.spiderthemes-demos.com/kbdoc/kbdoc-html/assets/thdoan-magnify/css/magnify.css]
[html.spiderthemes-demos.com/kbdoc/kbdoc-html/assets/Youtube-Channels-Playlist/css/ycp.css]
[html.spiderthemes-demos.com/kbdoc/kbdoc-html/assets/video/video-js.css]
[html.spiderthemes-demos.com/kbdoc/kbdoc-html/assets/slick/fonts/slick.svg]
[html.spiderthemes-demos.com/kbdoc/kbdoc-html/assets/font-awesome/webfonts/fa-brands-400.svg]
[html.spiderthemes-demos.com/kbdoc/kbdoc-html/assets/font-awesome/webfonts/fa-regular-400.svg]
[html.spiderthemes-demos.com/kbdoc/kbdoc-html/assets/font-awesome/webfonts/fa-solid-900.svg]
[html.spiderthemes-demos.com/kbdoc/kbdoc-html/assets/mcustomscrollbar/mCSB_buttons.html]
[html.spiderthemes-demos.com/kbdoc/kbdoc-html/assets/video/font/VideoJSd41d.html]
